RAM Allocation [bytes]
Variable                                                                          Address   Size
------------------------------------------------------------------------------------------------
glcd_state                                                                        0x0183      29
glcd_buff                                                                         0x01A0     150
receive                                                                           0x0236       8
gfx_addr                                                                          0x023E       2
gfx_buffer                                                                        0x0240     504
_seed                                                                             0x0438       4

EEPROM Allocation [bytes]
Variable                                                                          Address   Size
------------------------------------------------------------------------------------------------

Register Allocation
Variable                                                                          Register  Size
------------------------------------------------------------------------------------------------
Code_tay_cam1                                                                     R5           1
dem                                                                               R4           1
RC                                                                                R7           1
Code_tay_cam2                                                                     R6           1
Code_tay_cam3                                                                     R9           1
Code_tay_cam4                                                                     R8           1

FLASH Allocation [words]
Function                                                                          Address   Size
------------------------------------------------------------------------------------------------
timer0_ovf_isr                                                                    0x0016E     19
Init_System                                                                       0x00181    100
SPI_RW                                                                            0x001E5     24
SPI_Read                                                                          0x001FD     16
RF_Init                                                                           0x0020D      8
RF_Write                                                                          0x00215      3
RF_Write2                                                                         0x00218      7
RF_Write3                                                                         0x0021F     13
RF_Command                                                                        0x0022C      5
RF_Write_Address                                                                  0x00231     37
RX_Mode                                                                           0x00256      5
RF_Config                                                                         0x0025B     34
RF_RX_Read                                                                        0x0027D     35
control_motor                                                                     0x002A0     53
main                                                                              0x002D5     61
pcd8544_delay_G101                                                                0x00312      1
pcd8544_wrbus_G101                                                                0x00313     22
pcd8544_wrcmd                                                                     0x00329      5
pcd8544_wrdata_G101                                                               0x0032E      5
pcd8544_setaddr_G101                                                              0x00333     17
pcd8544_gotoxy                                                                    0x00344     11
pcd8544_rdbyte                                                                    0x0034F     12
pcd8544_wrbyte                                                                    0x0035B      6
glcd_init                                                                         0x00361    103
glcd_display                                                                      0x003C8     10
glcd_clear                                                                        0x003D2     24
pcd8544_wrmasked_G101                                                             0x003EA     55
glcd_block                                                                        0x00421    411
glcd_clipx                                                                        0x005BC     15
glcd_clipy                                                                        0x005CB     13
glcd_getcharw_G102                                                                0x005D8     94
glcd_new_line_G102                                                                0x00636     15
glcd_putchar                                                                      0x00645     87
glcd_outtext                                                                      0x0069C     15
glcd_moveto                                                                       0x006AB     12
itoa                                                                              0x006B7     45
memset                                                                            0x006E4     15
glcd_getmask                                                                      0x006F3      9
glcd_mappixcolor1bit                                                              0x006FC     39
glcd_readmem                                                                      0x00723     26
glcd_writemem                                                                     0x0073D     29
